{
  "Resources": {
    "poolsmsRole04048F13": {
      "Type": "AWS::IAM::Role",
      "Properties": {
        "AssumeRolePolicyDocument": {
          "Statement": [
            {
              "Action": "sts:AssumeRole",
              "Condition": {
                "StringEquals": {
                  "sts:ExternalId": "integuserpoolidppoolAE0BD80C"
                }
              },
              "Effect": "Allow",
              "Principal": {
                "Service": "cognito-idp.amazonaws.com"
              }
            }
          ],
          "Version": "2012-10-17"
        },
        "Policies": [
          {
            "PolicyDocument": {
              "Statement": [
                {
                  "Action": "sns:Publish",
                  "Effect": "Allow",
                  "Resource": "*"
                }
              ],
              "Version": "2012-10-17"
            },
            "PolicyName": "sns-publish"
          }
        ]
      }
    },
    "pool056F3F7E": {
      "Type": "AWS::Cognito::UserPool",
      "Properties": {
        "AdminCreateUserConfig": {
          "AllowAdminCreateUserOnly": true
        },
        "EmailVerificationMessage": "The verification code to your new account is {####}",
        "EmailVerificationSubject": "Verify your new account",
        "SmsConfiguration": {
          "ExternalId": "integuserpoolidppoolAE0BD80C",
          "SnsCallerArn": {
            "Fn::GetAtt": [
              "poolsmsRole04048F13",
              "Arn"
            ]
          }
        },
        "SmsVerificationMessage": "The verification code to your new account is {####}",
        "VerificationMessageTemplate": {
          "DefaultEmailOption": "CONFIRM_WITH_CODE",
          "EmailMessage": "The verification code to your new account is {####}",
          "EmailSubject": "Verify your new account",
          "SmsMessage": "The verification code to your new account is {####}"
        }
      }
    },
    "amazon2D32744A": {
      "Type": "AWS::Cognito::UserPoolIdentityProvider",
      "Properties": {
        "ProviderName": "LoginWithAmazon",
        "ProviderType": "LoginWithAmazon",
        "UserPoolId": {
          "Ref": "pool056F3F7E"
        },
        "ProviderDetails": {
          "client_id": "amzn-client-id",
          "client_secret": "amzn-client-secret",
          "authorize_scopes": "profile"
        }
      }
    },
    "facebook4309A463": {
      "Type": "AWS::Cognito::UserPoolIdentityProvider",
      "Properties": {
        "ProviderName": "Facebook",
        "ProviderType": "Facebook",
        "UserPoolId": {
          "Ref": "pool056F3F7E"
        },
        "ProviderDetails": {
          "client_id": "amzn-client-id",
          "client_secret": "amzn-client-secret",
          "authorize_scopes": "public_profile"
        }
      }
    }
  }
}